// Jest Snapshot v1, https://goo.gl/fbAQLP

exports[`header/home/Header Should render correctly 1`] = `
<div
  className="makeStyles-root-1"
>
  <WithStyles(ForwardRef(Grid))
    className="makeStyles-container-2"
    container={true}
    spacing={1}
  >
    <Logo
      css={
        Object {
          "btn": "makeStyles-btn-7",
          "container": "makeStyles-container-2",
          "item": "makeStyles-item-3",
          "logoImg": "makeStyles-logoImg-4",
          "paper": "makeStyles-paper-5",
          "paperActions": "makeStyles-paperActions-6",
          "root": "makeStyles-root-1",
        }
      }
    />
    <Actions
      css={
        Object {
          "btn": "makeStyles-btn-7",
          "container": "makeStyles-container-2",
          "item": "makeStyles-item-3",
          "logoImg": "makeStyles-logoImg-4",
          "paper": "makeStyles-paper-5",
          "paperActions": "makeStyles-paperActions-6",
          "root": "makeStyles-root-1",
        }
      }
    />
  </WithStyles(ForwardRef(Grid))>
</div>
`;
